bun : $ vitest run
At line:1 char:1
+ bun run test > test-output.txt 2>&1; "Tests completed"
+ ~~~~~~~~~~~~~~~~~~~~~~~~~~~~~~~~~~~
    + CategoryInfo          : NotSpecified: ($ vitest run:String) [], RemoteException
    + FullyQualifiedErrorId : NativeCommandError
 
[33mThe CJS build of Vite's Node API is deprecated. See 
https://vite.dev/guide/troubleshooting.html#vite-cjs-node-api-deprecated for more 
details.[39m

[7m[1m[36m RUN [39m[22m[27m [36mv1.6.1[39m [90mE:/projects/paper-trading[39m

[dotenv@17.2.3] injecting env (3) from .env.test -- tip: ΓÜÖ∩╕Å  write to custom object with { processEnv: myObject }
[90mstdout[2m | tests/e2e/flows/realtime.test.ts[2m > [22m[2mMarket Data (E2E)[22m[39m
Database connection established

[90mstdout[2m | tests/e2e/flows/realtime.test.ts[2m > [22m[2mMarket Data (E2E)[22m[39m
Database connection closed

[90mstdout[2m | tests/e2e/flows/realtime.test.ts[2m > [22m[2mWebSocket Real-time (E2E)[22m[39m
Database connection established

[90mstdout[2m | tests/e2e/flows/realtime.test.ts[2m > [22m[2mWebSocket Real-time (E2E)[22m[39m
[WS] [PricePublisher] Subscribed to price updates
[WS] Order publisher started
[Test] WebSocket server started on port 3099

(node:14768) MaxListenersExceededWarning: Possible EventEmitter memory leak detected. 11 
close listeners added to [WebSocketServer]. MaxListeners is 10. Use 
emitter.setMaxListeners() to increase limit
(Use `node --trace-warnings ...` to show where the warning was created)
[90mstdout[2m | tests/e2e/flows/realtime.test.ts[2m > [22m[2mWebSocket Real-time (E2E)[2m > [22m[2mConnection[2m > [22m[2mconnects to WebSocket server[22m[39m
[WS] New connection established

[90mstdout[2m | tests/e2e/flows/realtime.test.ts[2m > [22m[2mWebSocket Real-time (E2E)[2m > [22m[2mConnection[2m > [22m[2mconnects to WebSocket server[22m[39m
[WS] Terminating dead connections

[90mstdout[2m | tests/e2e/flows/realtime.test.ts[2m > [22m[2mWebSocket Real-time (E2E)[2m > [22m[2mConnection[2m > [22m[2mresponds to ping with pong[22m[39m
[WS] Connection closed (userId: undefined ?? "anonymous")
[WS] New connection established

[90mstdout[2m | tests/e2e/flows/realtime.test.ts[2m > [22m[2mWebSocket Real-time (E2E)[2m > [22m[2mConnection[2m > [22m[2mresponds to ping with pong[22m[39m
[WS] Terminating dead connections

[90mstdout[2m | tests/e2e/flows/realtime.test.ts[2m > [22m[2mWebSocket Real-time (E2E)[2m > [22m[2mAuthentication[2m > [22m[2mauthenticates with valid session token[22m[39m
[WS] Connection closed (userId: undefined ?? "anonymous")

[90mstdout[2m | tests/e2e/flows/realtime.test.ts[2m > [22m[2mWebSocket Real-time (E2E)[2m > [22m[2mAuthentication[2m > [22m[2mauthenticates with valid session token[22m[39m
[WS] New connection established

[90mstdout[2m | tests/e2e/flows/realtime.test.ts[2m > [22m[2mWebSocket Real-time (E2E)[2m > [22m[2mAuthentication[2m > [22m[2mauthenticates with valid session token[22m[39m
[WS] User 10 authenticated

[90mstdout[2m | tests/e2e/flows/realtime.test.ts[2m > [22m[2mWebSocket Real-time (E2E)[2m > [22m[2mAuthentication[2m > [22m[2mrejects invalid token[22m[39m
[WS] Connection closed (userId: 10 ?? "anonymous")

[90mstdout[2m | tests/e2e/flows/realtime.test.ts[2m > [22m[2mWebSocket Real-time (E2E)[2m > [22m[2mAuthentication[2m > [22m[2mrejects invalid token[22m[39m
[WS] New connection established

[90mstdout[2m | tests/e2e/flows/realtime.test.ts[2m > [22m[2mWebSocket Real-time (E2E)[2m > [22m[2mSubscriptions[2m > [22m[2msubscribes to prices channel[22m[39m
[WS] Connection closed (userId: undefined ?? "anonymous")

[90mstdout[2m | tests/e2e/flows/realtime.test.ts[2m > [22m[2mWebSocket Real-time (E2E)[2m > [22m[2mSubscriptions[2m > [22m[2msubscribes to prices channel[22m[39m
[WS] New connection established
[WS] User 10 authenticated

[90mstdout[2m | tests/e2e/flows/realtime.test.ts[2m > [22m[2mWebSocket Real-time (E2E)[2m > [22m[2mSubscriptions[2m > [22m[2msubscribes to prices channel[22m[39m
[WS] Terminating dead connections
[WS] Connection closed (userId: 10 ?? "anonymous")

[90mstdout[2m | tests/e2e/flows/realtime.test.ts[2m > [22m[2mWebSocket Real-time (E2E)[2m > [22m[2mSubscriptions[2m > [22m[2msubscribes to portfolio channel[22m[39m
[WS] New connection established

[90mstdout[2m | tests/e2e/flows/realtime.test.ts[2m > [22m[2mWebSocket Real-time (E2E)[2m > [22m[2mSubscriptions[2m > [22m[2msubscribes to portfolio channel[22m[39m
[WS] User 10 authenticated
[WS] Client subscribed to portfolio

[90mstdout[2m | tests/e2e/flows/realtime.test.ts[2m > [22m[2mWebSocket Real-time (E2E)[2m > [22m[2mSubscriptions[2m > [22m[2msubscribes to orders channel[22m[39m
[WS] Connection closed (userId: 10 ?? "anonymous")
[WS] New connection established

[90mstdout[2m | tests/e2e/flows/realtime.test.ts[2m > [22m[2mWebSocket Real-time (E2E)[2m > [22m[2mSubscriptions[2m > [22m[2msubscribes to orders channel[22m[39m
[WS] User 10 authenticated
[WS] Client subscribed to orders

[90mstdout[2m | tests/e2e/flows/realtime.test.ts[2m > [22m[2mWebSocket Real-time (E2E)[2m > [22m[2mSubscriptions[2m > [22m[2munsubscribes from channel[22m[39m
[WS] Connection closed (userId: 10 ?? "anonymous")
[WS] New connection established

[90mstdout[2m | tests/e2e/flows/realtime.test.ts[2m > [22m[2mWebSocket Real-time (E2E)[2m > [22m[2mSubscriptions[2m > [22m[2munsubscribes from channel[22m[39m
[WS] User 10 authenticated
[WS] Client subscribed to prices

[90mstdout[2m | tests/e2e/flows/realtime.test.ts[2m > [22m[2mWebSocket Real-time (E2E)[2m > [22m[2mSubscriptions[2m > [22m[2munsubscribes from channel[22m[39m
[WS] Client unsubscribed from prices

[90mstdout[2m | tests/e2e/flows/realtime.test.ts[2m > [22m[2mWebSocket Real-time (E2E)[2m > [22m[2mReal-time Price Updates[2m > [22m[2mreceives price updates after subscribing[22m[39m
[WS] Connection closed (userId: 10 ?? "anonymous")
[WS] New connection established

[90mstdout[2m | tests/e2e/flows/realtime.test.ts[2m > [22m[2mWebSocket Real-time (E2E)[2m > [22m[2mReal-time Price Updates[2m > [22m[2mreceives price updates after subscribing[22m[39m
[WS] User 10 authenticated
[WS] Client subscribed to prices

[90mstdout[2m | tests/e2e/flows/realtime.test.ts[2m > [22m[2mWebSocket Real-time (E2E)[2m > [22m[2mReal-time Order Events[2m > [22m[2mreceives order_filled event after placing order via API[22m[39m
[WS] Connection closed (userId: 10 ?? "anonymous")

[90mstdout[2m | tests/e2e/flows/realtime.test.ts[2m > [22m[2mWebSocket Real-time (E2E)[2m > [22m[2mReal-time Order Events[2m > [22m[2mreceives order_filled event after placing order via API[22m[39m
[WS] New connection established

[90mstdout[2m | tests/e2e/flows/realtime.test.ts[2m > [22m[2mWebSocket Real-time (E2E)[2m > [22m[2mReal-time Order Events[2m > [22m[2mreceives order_filled event after placing order via API[22m[39m
[WS] User 11 authenticated

[90mstdout[2m | tests/e2e/flows/realtime.test.ts[2m > [22m[2mWebSocket Real-time (E2E)[2m > [22m[2mReal-time Order Events[2m > [22m[2mreceives order_filled event after placing order via API[22m[39m
[WS] Client subscribed to orders

[90mstdout[2m | tests/e2e/flows/realtime.test.ts[2m > [22m[2mWebSocket Real-time (E2E)[2m > [22m[2mReal-time Order Events[2m > [22m[2mreceives order_filled event after placing order via API[22m[39m
[WS] Terminating dead connections
[WS] Connection closed (userId: 11 ?? "anonymous")

error: script "test" exited with code 58
